[gen] 3000 games across 10 workers, depth=10, multipv=5, shard-size=5000
Process SpawnPoolWorker-9:
Process SpawnPoolWorker-3:
Process SpawnPoolWorker-2:
Process SpawnPoolWorker-8:
Process SpawnPoolWorker-6:
Process SpawnPoolWorker-4:
Process SpawnPoolWorker-7:
Traceback (most recent call last):
Traceback (most recent call last):
Traceback (most recent call last):
Traceback (most recent call last):
Traceback (most recent call last):
Traceback (most recent call last):
  File "/Users/vincent.qu/.local/state/tec/toolchain/base_profile/lib/python3.13/multiprocessing/pool.py", line 131, in worker
    put((job, i, result))
    ~~~^^^^^^^^^^^^^^^^^^
Traceback (most recent call last):
  File "/Users/vincent.qu/.local/state/tec/toolchain/base_profile/lib/python3.13/multiprocessing/pool.py", line 131, in worker
    put((job, i, result))
    ~~~^^^^^^^^^^^^^^^^^^
  File "/Users/vincent.qu/.local/state/tec/toolchain/base_profile/lib/python3.13/multiprocessing/queues.py", line 397, in put
    self._writer.send_bytes(obj)
    ~~~~~~~~~~~~~~~~~~~~~~~^^^^^
  File "/Users/vincent.qu/.local/state/tec/toolchain/base_profile/lib/python3.13/multiprocessing/pool.py", line 131, in worker
    put((job, i, result))
    ~~~^^^^^^^^^^^^^^^^^^
  File "/Users/vincent.qu/.local/state/tec/toolchain/base_profile/lib/python3.13/multiprocessing/connection.py", line 200, in send_bytes
    self._send_bytes(m[offset:offset + size])
    ~~~~~~~~~~~~~~~~^^^^^^^^^^^^^^^^^^^^^^^^^
  File "/Users/vincent.qu/.local/state/tec/toolchain/base_profile/lib/python3.13/multiprocessing/queues.py", line 397, in put
    self._writer.send_bytes(obj)
    ~~~~~~~~~~~~~~~~~~~~~~~^^^^^
  File "/Users/vincent.qu/.local/state/tec/toolchain/base_profile/lib/python3.13/multiprocessing/pool.py", line 131, in worker
    put((job, i, result))
    ~~~^^^^^^^^^^^^^^^^^^
  File "/Users/vincent.qu/.local/state/tec/toolchain/base_profile/lib/python3.13/multiprocessing/queues.py", line 397, in put
    self._writer.send_bytes(obj)
    ~~~~~~~~~~~~~~~~~~~~~~~^^^^^
  File "/Users/vincent.qu/.local/state/tec/toolchain/base_profile/lib/python3.13/multiprocessing/connection.py", line 427, in _send_bytes
    self._send(header + buf)
    ~~~~~~~~~~^^^^^^^^^^^^^^
  File "/Users/vincent.qu/.local/state/tec/toolchain/base_profile/lib/python3.13/multiprocessing/queues.py", line 397, in put
    self._writer.send_bytes(obj)
    ~~~~~~~~~~~~~~~~~~~~~~~^^^^^
  File "/Users/vincent.qu/.local/state/tec/toolchain/base_profile/lib/python3.13/multiprocessing/connection.py", line 200, in send_bytes
    self._send_bytes(m[offset:offset + size])
    ~~~~~~~~~~~~~~~~^^^^^^^^^^^^^^^^^^^^^^^^^
  File "/Users/vincent.qu/.local/state/tec/toolchain/base_profile/lib/python3.13/multiprocessing/connection.py", line 200, in send_bytes
    self._send_bytes(m[offset:offset + size])
    ~~~~~~~~~~~~~~~~^^^^^^^^^^^^^^^^^^^^^^^^^
  File "/Users/vincent.qu/.local/state/tec/toolchain/base_profile/lib/python3.13/multiprocessing/pool.py", line 131, in worker
    put((job, i, result))
    ~~~^^^^^^^^^^^^^^^^^^
  File "/Users/vincent.qu/.local/state/tec/toolchain/base_profile/lib/python3.13/multiprocessing/connection.py", line 384, in _send
    n = write(self._handle, buf)
  File "/Users/vincent.qu/.local/state/tec/toolchain/base_profile/lib/python3.13/multiprocessing/connection.py", line 200, in send_bytes
    self._send_bytes(m[offset:offset + size])
    ~~~~~~~~~~~~~~~~^^^^^^^^^^^^^^^^^^^^^^^^^
  File "/Users/vincent.qu/.local/state/tec/toolchain/base_profile/lib/python3.13/multiprocessing/connection.py", line 427, in _send_bytes
    self._send(header + buf)
    ~~~~~~~~~~^^^^^^^^^^^^^^
BrokenPipeError: [Errno 32] Broken pipe
  File "/Users/vincent.qu/.local/state/tec/toolchain/base_profile/lib/python3.13/multiprocessing/connection.py", line 384, in _send
    n = write(self._handle, buf)
  File "/Users/vincent.qu/.local/state/tec/toolchain/base_profile/lib/python3.13/multiprocessing/connection.py", line 427, in _send_bytes
    self._send(header + buf)
    ~~~~~~~~~~^^^^^^^^^^^^^^

During handling of the above exception, another exception occurred:

Process SpawnPoolWorker-10:
  File "/Users/vincent.qu/.local/state/tec/toolchain/base_profile/lib/python3.13/multiprocessing/connection.py", line 427, in _send_bytes
    self._send(header + buf)
    ~~~~~~~~~~^^^^^^^^^^^^^^
  File "/Users/vincent.qu/.local/state/tec/toolchain/base_profile/lib/python3.13/multiprocessing/connection.py", line 384, in _send
    n = write(self._handle, buf)
  File "/Users/vincent.qu/.local/state/tec/toolchain/base_profile/lib/python3.13/multiprocessing/pool.py", line 131, in worker
    put((job, i, result))
    ~~~^^^^^^^^^^^^^^^^^^
BrokenPipeError: [Errno 32] Broken pipe
Traceback (most recent call last):
  File "/Users/vincent.qu/.local/state/tec/toolchain/base_profile/lib/python3.13/multiprocessing/connection.py", line 384, in _send
    n = write(self._handle, buf)
  File "/Users/vincent.qu/.local/state/tec/toolchain/base_profile/lib/python3.13/multiprocessing/pool.py", line 131, in worker
    put((job, i, result))
    ~~~^^^^^^^^^^^^^^^^^^
BrokenPipeError: [Errno 32] Broken pipe
  File "/Users/vincent.qu/.local/state/tec/toolchain/base_profile/lib/python3.13/multiprocessing/queues.py", line 397, in put
    self._writer.send_bytes(obj)
    ~~~~~~~~~~~~~~~~~~~~~~~^^^^^

During handling of the above exception, another exception occurred:

  File "/Users/vincent.qu/.local/state/tec/toolchain/base_profile/lib/python3.13/multiprocessing/connection.py", line 200, in send_bytes
    self._send_bytes(m[offset:offset + size])
    ~~~~~~~~~~~~~~~~^^^^^^^^^^^^^^^^^^^^^^^^^
Process SpawnPoolWorker-1:
Traceback (most recent call last):

During handling of the above exception, another exception occurred:

BrokenPipeError: [Errno 32] Broken pipe
  File "/Users/vincent.qu/.local/state/tec/toolchain/base_profile/lib/python3.13/multiprocessing/queues.py", line 397, in put
    self._writer.send_bytes(obj)
    ~~~~~~~~~~~~~~~~~~~~~~~^^^^^
  File "/Users/vincent.qu/.local/state/tec/toolchain/base_profile/lib/python3.13/multiprocessing/connection.py", line 427, in _send_bytes
    self._send(header + buf)
    ~~~~~~~~~~^^^^^^^^^^^^^^

During handling of the above exception, another exception occurred:

Traceback (most recent call last):
Traceback (most recent call last):
  File "/Users/vincent.qu/.local/state/tec/toolchain/base_profile/lib/python3.13/multiprocessing/connection.py", line 384, in _send
    n = write(self._handle, buf)
  File "/Users/vincent.qu/.local/state/tec/toolchain/base_profile/lib/python3.13/multiprocessing/connection.py", line 200, in send_bytes
    self._send_bytes(m[offset:offset + size])
    ~~~~~~~~~~~~~~~~^^^^^^^^^^^^^^^^^^^^^^^^^
BrokenPipeError: [Errno 32] Broken pipe
  File "/Users/vincent.qu/.local/state/tec/toolchain/base_profile/lib/python3.13/multiprocessing/connection.py", line 427, in _send_bytes
    self._send(header + buf)
    ~~~~~~~~~~^^^^^^^^^^^^^^

During handling of the above exception, another exception occurred:

  File "/Users/vincent.qu/.local/state/tec/toolchain/base_profile/lib/python3.13/multiprocessing/queues.py", line 397, in put
    self._writer.send_bytes(obj)
    ~~~~~~~~~~~~~~~~~~~~~~~^^^^^
  File "/Users/vincent.qu/.local/state/tec/toolchain/base_profile/lib/python3.13/multiprocessing/connection.py", line 384, in _send
    n = write(self._handle, buf)
Process SpawnPoolWorker-5:
Traceback (most recent call last):
BrokenPipeError: [Errno 32] Broken pipe
  File "/Users/vincent.qu/.local/state/tec/toolchain/base_profile/lib/python3.13/multiprocessing/connection.py", line 200, in send_bytes
    self._send_bytes(m[offset:offset + size])
    ~~~~~~~~~~~~~~~~^^^^^^^^^^^^^^^^^^^^^^^^^

During handling of the above exception, another exception occurred:

  File "/Users/vincent.qu/.local/state/tec/toolchain/base_profile/lib/python3.13/multiprocessing/process.py", line 313, in _bootstrap
    self.run()
    ~~~~~~~~^^
Traceback (most recent call last):
  File "/Users/vincent.qu/.local/state/tec/toolchain/base_profile/lib/python3.13/multiprocessing/connection.py", line 427, in _send_bytes
    self._send(header + buf)
    ~~~~~~~~~~^^^^^^^^^^^^^^
  File "/Users/vincent.qu/.local/state/tec/toolchain/base_profile/lib/python3.13/multiprocessing/process.py", line 108, in run
    self._target(*self._args, **self._kwargs)
    ~~~~~~~~~~~~^^^^^^^^^^^^^^^^^^^^^^^^^^^^^
  File "/Users/vincent.qu/.local/state/tec/toolchain/base_profile/lib/python3.13/multiprocessing/connection.py", line 384, in _send
    n = write(self._handle, buf)
  File "/Users/vincent.qu/.local/state/tec/toolchain/base_profile/lib/python3.13/multiprocessing/pool.py", line 136, in worker
    put((job, i, (False, wrapped)))
    ~~~^^^^^^^^^^^^^^^^^^^^^^^^^^^^
  File "/Users/vincent.qu/.local/state/tec/toolchain/base_profile/lib/python3.13/multiprocessing/queues.py", line 397, in put
    self._writer.send_bytes(obj)
    ~~~~~~~~~~~~~~~~~~~~~~~^^^^^
  File "/Users/vincent.qu/.local/state/tec/toolchain/base_profile/lib/python3.13/multiprocessing/process.py", line 313, in _bootstrap
    self.run()
    ~~~~~~~~^^
BrokenPipeError: [Errno 32] Broken pipe
  File "/Users/vincent.qu/.local/state/tec/toolchain/base_profile/lib/python3.13/multiprocessing/process.py", line 108, in run
    self._target(*self._args, **self._kwargs)
    ~~~~~~~~~~~~^^^^^^^^^^^^^^^^^^^^^^^^^^^^^
  File "/Users/vincent.qu/.local/state/tec/toolchain/base_profile/lib/python3.13/multiprocessing/connection.py", line 200, in send_bytes
    self._send_bytes(m[offset:offset + size])
    ~~~~~~~~~~~~~~~~^^^^^^^^^^^^^^^^^^^^^^^^^

During handling of the above exception, another exception occurred:

  File "/Users/vincent.qu/.local/state/tec/toolchain/base_profile/lib/python3.13/multiprocessing/connection.py", line 427, in _send_bytes
    self._send(header + buf)
    ~~~~~~~~~~^^^^^^^^^^^^^^
Traceback (most recent call last):
  File "/Users/vincent.qu/.local/state/tec/toolchain/base_profile/lib/python3.13/multiprocessing/pool.py", line 136, in worker
    put((job, i, (False, wrapped)))
    ~~~^^^^^^^^^^^^^^^^^^^^^^^^^^^^
Traceback (most recent call last):
  File "/Users/vincent.qu/.local/state/tec/toolchain/base_profile/lib/python3.13/multiprocessing/connection.py", line 384, in _send
    n = write(self._handle, buf)
  File "/Users/vincent.qu/.local/state/tec/toolchain/base_profile/lib/python3.13/multiprocessing/queues.py", line 397, in put
    self._writer.send_bytes(obj)
    ~~~~~~~~~~~~~~~~~~~~~~~^^^^^
  File "/Users/vincent.qu/.local/state/tec/toolchain/base_profile/lib/python3.13/multiprocessing/process.py", line 313, in _bootstrap
    self.run()
    ~~~~~~~~^^
BrokenPipeError: [Errno 32] Broken pipe
  File "/Users/vincent.qu/.local/state/tec/toolchain/base_profile/lib/python3.13/multiprocessing/connection.py", line 200, in send_bytes
    self._send_bytes(m[offset:offset + size])
    ~~~~~~~~~~~~~~~~^^^^^^^^^^^^^^^^^^^^^^^^^
Traceback (most recent call last):
  File "/Users/vincent.qu/.local/state/tec/toolchain/base_profile/lib/python3.13/multiprocessing/process.py", line 108, in run
    self._target(*self._args, **self._kwargs)
    ~~~~~~~~~~~~^^^^^^^^^^^^^^^^^^^^^^^^^^^^^
  File "/Users/vincent.qu/.local/state/tec/toolchain/base_profile/lib/python3.13/multiprocessing/process.py", line 313, in _bootstrap
    self.run()
    ~~~~~~~~^^
  File "/Users/vincent.qu/.local/state/tec/toolchain/base_profile/lib/python3.13/multiprocessing/connection.py", line 427, in _send_bytes
    self._send(header + buf)
    ~~~~~~~~~~^^^^^^^^^^^^^^
  File "/Users/vincent.qu/.local/state/tec/toolchain/base_profile/lib/python3.13/multiprocessing/pool.py", line 136, in worker
    put((job, i, (False, wrapped)))
    ~~~^^^^^^^^^^^^^^^^^^^^^^^^^^^^
  File "/Users/vincent.qu/.local/state/tec/toolchain/base_profile/lib/python3.13/multiprocessing/process.py", line 108, in run
    self._target(*self._args, **self._kwargs)
    ~~~~~~~~~~~~^^^^^^^^^^^^^^^^^^^^^^^^^^^^^
  File "/Users/vincent.qu/.local/state/tec/toolchain/base_profile/lib/python3.13/multiprocessing/connection.py", line 384, in _send
    n = write(self._handle, buf)
  File "/Users/vincent.qu/.local/state/tec/toolchain/base_profile/lib/python3.13/multiprocessing/queues.py", line 397, in put
    self._writer.send_bytes(obj)
    ~~~~~~~~~~~~~~~~~~~~~~~^^^^^
  File "/Users/vincent.qu/.local/state/tec/toolchain/base_profile/lib/python3.13/multiprocessing/pool.py", line 136, in worker
    put((job, i, (False, wrapped)))
    ~~~^^^^^^^^^^^^^^^^^^^^^^^^^^^^
BrokenPipeError: [Errno 32] Broken pipe
  File "/Users/vincent.qu/.local/state/tec/toolchain/base_profile/lib/python3.13/multiprocessing/connection.py", line 200, in send_bytes
    self._send_bytes(m[offset:offset + size])
    ~~~~~~~~~~~~~~~~^^^^^^^^^^^^^^^^^^^^^^^^^
  File "/Users/vincent.qu/.local/state/tec/toolchain/base_profile/lib/python3.13/multiprocessing/queues.py", line 397, in put
    self._writer.send_bytes(obj)
    ~~~~~~~~~~~~~~~~~~~~~~~^^^^^
  File "/Users/vincent.qu/.local/state/tec/toolchain/base_profile/lib/python3.13/multiprocessing/connection.py", line 427, in _send_bytes
    self._send(header + buf)
    ~~~~~~~~~~^^^^^^^^^^^^^^
  File "/Users/vincent.qu/.local/state/tec/toolchain/base_profile/lib/python3.13/multiprocessing/connection.py", line 200, in send_bytes
    self._send_bytes(m[offset:offset + size])
    ~~~~~~~~~~~~~~~~^^^^^^^^^^^^^^^^^^^^^^^^^
  File "/Users/vincent.qu/.local/state/tec/toolchain/base_profile/lib/python3.13/multiprocessing/connection.py", line 384, in _send
    n = write(self._handle, buf)
  File "/Users/vincent.qu/.local/state/tec/toolchain/base_profile/lib/python3.13/multiprocessing/connection.py", line 427, in _send_bytes
    self._send(header + buf)
    ~~~~~~~~~~^^^^^^^^^^^^^^
BrokenPipeError: [Errno 32] Broken pipe
  File "/Users/vincent.qu/.local/state/tec/toolchain/base_profile/lib/python3.13/multiprocessing/connection.py", line 384, in _send
    n = write(self._handle, buf)
BrokenPipeError: [Errno 32] Broken pipe
  File "/Users/vincent.qu/.local/state/tec/toolchain/base_profile/lib/python3.13/multiprocessing/process.py", line 313, in _bootstrap
    self.run()
    ~~~~~~~~^^
  File "/Users/vincent.qu/.local/state/tec/toolchain/base_profile/lib/python3.13/multiprocessing/pool.py", line 131, in worker
    put((job, i, result))
    ~~~^^^^^^^^^^^^^^^^^^
  File "/Users/vincent.qu/.local/state/tec/toolchain/base_profile/lib/python3.13/multiprocessing/queues.py", line 397, in put
    self._writer.send_bytes(obj)
    ~~~~~~~~~~~~~~~~~~~~~~~^^^^^
  File "/Users/vincent.qu/.local/state/tec/toolchain/base_profile/lib/python3.13/multiprocessing/process.py", line 108, in run
    self._target(*self._args, **self._kwargs)
    ~~~~~~~~~~~~^^^^^^^^^^^^^^^^^^^^^^^^^^^^^
  File "/Users/vincent.qu/.local/state/tec/toolchain/base_profile/lib/python3.13/multiprocessing/connection.py", line 200, in send_bytes
    self._send_bytes(m[offset:offset + size])
    ~~~~~~~~~~~~~~~~^^^^^^^^^^^^^^^^^^^^^^^^^
  File "/Users/vincent.qu/.local/state/tec/toolchain/base_profile/lib/python3.13/multiprocessing/pool.py", line 136, in worker
    put((job, i, (False, wrapped)))
    ~~~^^^^^^^^^^^^^^^^^^^^^^^^^^^^
  File "/Users/vincent.qu/.local/state/tec/toolchain/base_profile/lib/python3.13/multiprocessing/process.py", line 313, in _bootstrap
    self.run()
    ~~~~~~~~^^
  File "/Users/vincent.qu/.local/state/tec/toolchain/base_profile/lib/python3.13/multiprocessing/connection.py", line 427, in _send_bytes
    self._send(header + buf)
    ~~~~~~~~~~^^^^^^^^^^^^^^
Traceback (most recent call last):
  File "/Users/vincent.qu/.local/state/tec/toolchain/base_profile/lib/python3.13/multiprocessing/queues.py", line 397, in put
    self._writer.send_bytes(obj)
    ~~~~~~~~~~~~~~~~~~~~~~~^^^^^
  File "/Users/vincent.qu/.local/state/tec/toolchain/base_profile/lib/python3.13/multiprocessing/process.py", line 108, in run
    self._target(*self._args, **self._kwargs)
    ~~~~~~~~~~~~^^^^^^^^^^^^^^^^^^^^^^^^^^^^^
  File "/Users/vincent.qu/.local/state/tec/toolchain/base_profile/lib/python3.13/multiprocessing/connection.py", line 200, in send_bytes
    self._send_bytes(m[offset:offset + size])
    ~~~~~~~~~~~~~~~~^^^^^^^^^^^^^^^^^^^^^^^^^
  File "/Users/vincent.qu/.local/state/tec/toolchain/base_profile/lib/python3.13/multiprocessing/pool.py", line 136, in worker
    put((job, i, (False, wrapped)))
    ~~~^^^^^^^^^^^^^^^^^^^^^^^^^^^^
  File "/Users/vincent.qu/.local/state/tec/toolchain/base_profile/lib/python3.13/multiprocessing/connection.py", line 384, in _send
    n = write(self._handle, buf)
  File "/Users/vincent.qu/.local/state/tec/toolchain/base_profile/lib/python3.13/multiprocessing/connection.py", line 427, in _send_bytes
    self._send(header + buf)
    ~~~~~~~~~~^^^^^^^^^^^^^^
  File "/Users/vincent.qu/.local/state/tec/toolchain/base_profile/lib/python3.13/multiprocessing/process.py", line 313, in _bootstrap
    self.run()
    ~~~~~~~~^^
  File "/Users/vincent.qu/.local/state/tec/toolchain/base_profile/lib/python3.13/multiprocessing/queues.py", line 397, in put
    self._writer.send_bytes(obj)
    ~~~~~~~~~~~~~~~~~~~~~~~^^^^^
  File "/Users/vincent.qu/.local/state/tec/toolchain/base_profile/lib/python3.13/multiprocessing/connection.py", line 384, in _send
    n = write(self._handle, buf)
  File "/Users/vincent.qu/.local/state/tec/toolchain/base_profile/lib/python3.13/multiprocessing/pool.py", line 131, in worker
    put((job, i, result))
    ~~~^^^^^^^^^^^^^^^^^^
BrokenPipeError: [Errno 32] Broken pipe
BrokenPipeError: [Errno 32] Broken pipe
  File "/Users/vincent.qu/.local/state/tec/toolchain/base_profile/lib/python3.13/multiprocessing/connection.py", line 200, in send_bytes
    self._send_bytes(m[offset:offset + size])
    ~~~~~~~~~~~~~~~~^^^^^^^^^^^^^^^^^^^^^^^^^

During handling of the above exception, another exception occurred:

  File "/Users/vincent.qu/.local/state/tec/toolchain/base_profile/lib/python3.13/multiprocessing/connection.py", line 427, in _send_bytes
    self._send(header + buf)
    ~~~~~~~~~~^^^^^^^^^^^^^^
Traceback (most recent call last):
  File "/Users/vincent.qu/.local/state/tec/toolchain/base_profile/lib/python3.13/multiprocessing/process.py", line 108, in run
    self._target(*self._args, **self._kwargs)
    ~~~~~~~~~~~~^^^^^^^^^^^^^^^^^^^^^^^^^^^^^
  File "/Users/vincent.qu/.local/state/tec/toolchain/base_profile/lib/python3.13/multiprocessing/connection.py", line 384, in _send
    n = write(self._handle, buf)
  File "/Users/vincent.qu/.local/state/tec/toolchain/base_profile/lib/python3.13/multiprocessing/queues.py", line 397, in put
    self._writer.send_bytes(obj)
    ~~~~~~~~~~~~~~~~~~~~~~~^^^^^
BrokenPipeError: [Errno 32] Broken pipe
  File "/Users/vincent.qu/.local/state/tec/toolchain/base_profile/lib/python3.13/multiprocessing/pool.py", line 136, in worker
    put((job, i, (False, wrapped)))
    ~~~^^^^^^^^^^^^^^^^^^^^^^^^^^^^
  File "/Users/vincent.qu/.local/state/tec/toolchain/base_profile/lib/python3.13/multiprocessing/connection.py", line 200, in send_bytes
    self._send_bytes(m[offset:offset + size])
    ~~~~~~~~~~~~~~~~^^^^^^^^^^^^^^^^^^^^^^^^^
  File "/Users/vincent.qu/.local/state/tec/toolchain/base_profile/lib/python3.13/multiprocessing/queues.py", line 397, in put
    self._writer.send_bytes(obj)
    ~~~~~~~~~~~~~~~~~~~~~~~^^^^^
  File "/Users/vincent.qu/.local/state/tec/toolchain/base_profile/lib/python3.13/multiprocessing/connection.py", line 427, in _send_bytes
    self._send(header + buf)
    ~~~~~~~~~~^^^^^^^^^^^^^^
  File "/Users/vincent.qu/.local/state/tec/toolchain/base_profile/lib/python3.13/multiprocessing/connection.py", line 200, in send_bytes
    self._send_bytes(m[offset:offset + size])
    ~~~~~~~~~~~~~~~~^^^^^^^^^^^^^^^^^^^^^^^^^
  File "/Users/vincent.qu/.local/state/tec/toolchain/base_profile/lib/python3.13/multiprocessing/connection.py", line 384, in _send
    n = write(self._handle, buf)
  File "/Users/vincent.qu/.local/state/tec/toolchain/base_profile/lib/python3.13/multiprocessing/connection.py", line 427, in _send_bytes
    self._send(header + buf)
    ~~~~~~~~~~^^^^^^^^^^^^^^
BrokenPipeError: [Errno 32] Broken pipe
  File "/Users/vincent.qu/.local/state/tec/toolchain/base_profile/lib/python3.13/multiprocessing/connection.py", line 384, in _send
    n = write(self._handle, buf)

During handling of the above exception, another exception occurred:

BrokenPipeError: [Errno 32] Broken pipe
Traceback (most recent call last):
  File "/Users/vincent.qu/.local/state/tec/toolchain/base_profile/lib/python3.13/multiprocessing/pool.py", line 131, in worker
    put((job, i, result))
    ~~~^^^^^^^^^^^^^^^^^^
  File "/Users/vincent.qu/.local/state/tec/toolchain/base_profile/lib/python3.13/multiprocessing/queues.py", line 397, in put
    self._writer.send_bytes(obj)
    ~~~~~~~~~~~~~~~~~~~~~~~^^^^^
  File "/Users/vincent.qu/.local/state/tec/toolchain/base_profile/lib/python3.13/multiprocessing/connection.py", line 200, in send_bytes
    self._send_bytes(m[offset:offset + size])
    ~~~~~~~~~~~~~~~~^^^^^^^^^^^^^^^^^^^^^^^^^
  File "/Users/vincent.qu/.local/state/tec/toolchain/base_profile/lib/python3.13/multiprocessing/connection.py", line 427, in _send_bytes
    self._send(header + buf)
    ~~~~~~~~~~^^^^^^^^^^^^^^
  File "/Users/vincent.qu/.local/state/tec/toolchain/base_profile/lib/python3.13/multiprocessing/connection.py", line 384, in _send
    n = write(self._handle, buf)
BrokenPipeError: [Errno 32] Broken pipe

During handling of the above exception, another exception occurred:

Traceback (most recent call last):
  File "/Users/vincent.qu/.local/state/tec/toolchain/base_profile/lib/python3.13/multiprocessing/process.py", line 313, in _bootstrap
    self.run()
    ~~~~~~~~^^
  File "/Users/vincent.qu/.local/state/tec/toolchain/base_profile/lib/python3.13/multiprocessing/process.py", line 108, in run
    self._target(*self._args, **self._kwargs)
    ~~~~~~~~~~~~^^^^^^^^^^^^^^^^^^^^^^^^^^^^^
  File "/Users/vincent.qu/.local/state/tec/toolchain/base_profile/lib/python3.13/multiprocessing/pool.py", line 136, in worker
    put((job, i, (False, wrapped)))
    ~~~^^^^^^^^^^^^^^^^^^^^^^^^^^^^
  File "/Users/vincent.qu/.local/state/tec/toolchain/base_profile/lib/python3.13/multiprocessing/queues.py", line 397, in put
    self._writer.send_bytes(obj)
    ~~~~~~~~~~~~~~~~~~~~~~~^^^^^
  File "/Users/vincent.qu/.local/state/tec/toolchain/base_profile/lib/python3.13/multiprocessing/connection.py", line 200, in send_bytes
    self._send_bytes(m[offset:offset + size])
    ~~~~~~~~~~~~~~~~^^^^^^^^^^^^^^^^^^^^^^^^^
  File "/Users/vincent.qu/.local/state/tec/toolchain/base_profile/lib/python3.13/multiprocessing/connection.py", line 427, in _send_bytes
    self._send(header + buf)
    ~~~~~~~~~~^^^^^^^^^^^^^^
  File "/Users/vincent.qu/.local/state/tec/toolchain/base_profile/lib/python3.13/multiprocessing/connection.py", line 384, in _send
    n = write(self._handle, buf)
BrokenPipeError: [Errno 32] Broken pipe
  File "/Users/vincent.qu/.local/state/tec/toolchain/base_profile/lib/python3.13/multiprocessing/process.py", line 313, in _bootstrap
    self.run()
    ~~~~~~~~^^
  File "/Users/vincent.qu/.local/state/tec/toolchain/base_profile/lib/python3.13/multiprocessing/process.py", line 108, in run
    self._target(*self._args, **self._kwargs)
    ~~~~~~~~~~~~^^^^^^^^^^^^^^^^^^^^^^^^^^^^^
  File "/Users/vincent.qu/.local/state/tec/toolchain/base_profile/lib/python3.13/multiprocessing/pool.py", line 136, in worker
    put((job, i, (False, wrapped)))
    ~~~^^^^^^^^^^^^^^^^^^^^^^^^^^^^
  File "/Users/vincent.qu/.local/state/tec/toolchain/base_profile/lib/python3.13/multiprocessing/queues.py", line 397, in put
    self._writer.send_bytes(obj)
    ~~~~~~~~~~~~~~~~~~~~~~~^^^^^
  File "/Users/vincent.qu/.local/state/tec/toolchain/base_profile/lib/python3.13/multiprocessing/connection.py", line 200, in send_bytes
    self._send_bytes(m[offset:offset + size])
    ~~~~~~~~~~~~~~~~^^^^^^^^^^^^^^^^^^^^^^^^^
  File "/Users/vincent.qu/.local/state/tec/toolchain/base_profile/lib/python3.13/multiprocessing/connection.py", line 427, in _send_bytes
    self._send(header + buf)
    ~~~~~~~~~~^^^^^^^^^^^^^^
  File "/Users/vincent.qu/.local/state/tec/toolchain/base_profile/lib/python3.13/multiprocessing/connection.py", line 384, in _send
    n = write(self._handle, buf)
BrokenPipeError: [Errno 32] Broken pipe
  File "/Users/vincent.qu/.local/state/tec/toolchain/base_profile/lib/python3.13/multiprocessing/process.py", line 313, in _bootstrap
    self.run()
    ~~~~~~~~^^
  File "/Users/vincent.qu/.local/state/tec/toolchain/base_profile/lib/python3.13/multiprocessing/process.py", line 108, in run
    self._target(*self._args, **self._kwargs)
    ~~~~~~~~~~~~^^^^^^^^^^^^^^^^^^^^^^^^^^^^^
  File "/Users/vincent.qu/.local/state/tec/toolchain/base_profile/lib/python3.13/multiprocessing/pool.py", line 136, in worker
    put((job, i, (False, wrapped)))
    ~~~^^^^^^^^^^^^^^^^^^^^^^^^^^^^
  File "/Users/vincent.qu/.local/state/tec/toolchain/base_profile/lib/python3.13/multiprocessing/queues.py", line 397, in put
    self._writer.send_bytes(obj)
    ~~~~~~~~~~~~~~~~~~~~~~~^^^^^
  File "/Users/vincent.qu/.local/state/tec/toolchain/base_profile/lib/python3.13/multiprocessing/connection.py", line 200, in send_bytes
    self._send_bytes(m[offset:offset + size])
    ~~~~~~~~~~~~~~~~^^^^^^^^^^^^^^^^^^^^^^^^^
  File "/Users/vincent.qu/.local/state/tec/toolchain/base_profile/lib/python3.13/multiprocessing/connection.py", line 427, in _send_bytes
    self._send(header + buf)
    ~~~~~~~~~~^^^^^^^^^^^^^^
  File "/Users/vincent.qu/.local/state/tec/toolchain/base_profile/lib/python3.13/multiprocessing/connection.py", line 384, in _send
    n = write(self._handle, buf)
BrokenPipeError: [Errno 32] Broken pipe
/Users/vincent.qu/.local/state/tec/toolchain/base_profile/lib/python3.13/multiprocessing/resource_tracker.py:400: UserWarning: resource_tracker: There appear to be 6 leaked semaphore objects to clean up at shutdown: {'/mp-vqr2glqy', '/mp-r_z0in2l', '/mp-mx16ry04', '/mp-dvih4879', '/mp-dmdvqtsn', '/mp-1nur1b74'}
  warnings.warn(
