[gen] 3000 games across 8 workers, depth=12, multipv=5, shard-size=5000
Process SpawnPoolWorker-1:
Process SpawnPoolWorker-7:
Process SpawnPoolWorker-2:
Process SpawnPoolWorker-8:
Traceback (most recent call last):
Traceback (most recent call last):
  File "/Users/vincent.qu/.local/state/tec/toolchain/base_profile/lib/python3.13/multiprocessing/pool.py", line 131, in worker
    put((job, i, result))
    ~~~^^^^^^^^^^^^^^^^^^
  File "/Users/vincent.qu/.local/state/tec/toolchain/base_profile/lib/python3.13/multiprocessing/queues.py", line 397, in put
    self._writer.send_bytes(obj)
    ~~~~~~~~~~~~~~~~~~~~~~~^^^^^
  File "/Users/vincent.qu/.local/state/tec/toolchain/base_profile/lib/python3.13/multiprocessing/connection.py", line 200, in send_bytes
    self._send_bytes(m[offset:offset + size])
    ~~~~~~~~~~~~~~~~^^^^^^^^^^^^^^^^^^^^^^^^^
  File "/Users/vincent.qu/.local/state/tec/toolchain/base_profile/lib/python3.13/multiprocessing/connection.py", line 427, in _send_bytes
    self._send(header + buf)
    ~~~~~~~~~~^^^^^^^^^^^^^^
  File "/Users/vincent.qu/.local/state/tec/toolchain/base_profile/lib/python3.13/multiprocessing/connection.py", line 384, in _send
    n = write(self._handle, buf)
BrokenPipeError: [Errno 32] Broken pipe

During handling of the above exception, another exception occurred:

Traceback (most recent call last):
  File "/Users/vincent.qu/.local/state/tec/toolchain/base_profile/lib/python3.13/multiprocessing/pool.py", line 131, in worker
    put((job, i, result))
    ~~~^^^^^^^^^^^^^^^^^^
  File "/Users/vincent.qu/.local/state/tec/toolchain/base_profile/lib/python3.13/multiprocessing/queues.py", line 397, in put
    self._writer.send_bytes(obj)
    ~~~~~~~~~~~~~~~~~~~~~~~^^^^^
  File "/Users/vincent.qu/.local/state/tec/toolchain/base_profile/lib/python3.13/multiprocessing/connection.py", line 200, in send_bytes
    self._send_bytes(m[offset:offset + size])
    ~~~~~~~~~~~~~~~~^^^^^^^^^^^^^^^^^^^^^^^^^
  File "/Users/vincent.qu/.local/state/tec/toolchain/base_profile/lib/python3.13/multiprocessing/connection.py", line 427, in _send_bytes
    self._send(header + buf)
    ~~~~~~~~~~^^^^^^^^^^^^^^
  File "/Users/vincent.qu/.local/state/tec/toolchain/base_profile/lib/python3.13/multiprocessing/connection.py", line 384, in _send
    n = write(self._handle, buf)
BrokenPipeError: [Errno 32] Broken pipe
Traceback (most recent call last):

During handling of the above exception, another exception occurred:

Process SpawnPoolWorker-6:
Process SpawnPoolWorker-5:
Traceback (most recent call last):
  File "/Users/vincent.qu/.local/state/tec/toolchain/base_profile/lib/python3.13/multiprocessing/process.py", line 313, in _bootstrap
    self.run()
    ~~~~~~~~^^
  File "/Users/vincent.qu/.local/state/tec/toolchain/base_profile/lib/python3.13/multiprocessing/process.py", line 108, in run
    self._target(*self._args, **self._kwargs)
    ~~~~~~~~~~~~^^^^^^^^^^^^^^^^^^^^^^^^^^^^^
  File "/Users/vincent.qu/.local/state/tec/toolchain/base_profile/lib/python3.13/multiprocessing/pool.py", line 136, in worker
    put((job, i, (False, wrapped)))
    ~~~^^^^^^^^^^^^^^^^^^^^^^^^^^^^
  File "/Users/vincent.qu/.local/state/tec/toolchain/base_profile/lib/python3.13/multiprocessing/queues.py", line 397, in put
    self._writer.send_bytes(obj)
    ~~~~~~~~~~~~~~~~~~~~~~~^^^^^
Traceback (most recent call last):
  File "/Users/vincent.qu/.local/state/tec/toolchain/base_profile/lib/python3.13/multiprocessing/connection.py", line 200, in send_bytes
    self._send_bytes(m[offset:offset + size])
    ~~~~~~~~~~~~~~~~^^^^^^^^^^^^^^^^^^^^^^^^^
  File "/Users/vincent.qu/.local/state/tec/toolchain/base_profile/lib/python3.13/multiprocessing/connection.py", line 427, in _send_bytes
    self._send(header + buf)
    ~~~~~~~~~~^^^^^^^^^^^^^^
  File "/Users/vincent.qu/.local/state/tec/toolchain/base_profile/lib/python3.13/multiprocessing/connection.py", line 384, in _send
    n = write(self._handle, buf)
  File "/Users/vincent.qu/.local/state/tec/toolchain/base_profile/lib/python3.13/multiprocessing/pool.py", line 131, in worker
    put((job, i, result))
    ~~~^^^^^^^^^^^^^^^^^^
BrokenPipeError: [Errno 32] Broken pipe
  File "/Users/vincent.qu/.local/state/tec/toolchain/base_profile/lib/python3.13/multiprocessing/queues.py", line 397, in put
    self._writer.send_bytes(obj)
    ~~~~~~~~~~~~~~~~~~~~~~~^^^^^
  File "/Users/vincent.qu/.local/state/tec/toolchain/base_profile/lib/python3.13/multiprocessing/connection.py", line 200, in send_bytes
    self._send_bytes(m[offset:offset + size])
    ~~~~~~~~~~~~~~~~^^^^^^^^^^^^^^^^^^^^^^^^^
  File "/Users/vincent.qu/.local/state/tec/toolchain/base_profile/lib/python3.13/multiprocessing/connection.py", line 427, in _send_bytes
    self._send(header + buf)
    ~~~~~~~~~~^^^^^^^^^^^^^^
  File "/Users/vincent.qu/.local/state/tec/toolchain/base_profile/lib/python3.13/multiprocessing/connection.py", line 384, in _send
    n = write(self._handle, buf)
BrokenPipeError: [Errno 32] Broken pipe

During handling of the above exception, another exception occurred:

Traceback (most recent call last):
Process SpawnPoolWorker-3:
  File "/Users/vincent.qu/.local/state/tec/toolchain/base_profile/lib/python3.13/multiprocessing/pool.py", line 131, in worker
    put((job, i, result))
    ~~~^^^^^^^^^^^^^^^^^^
  File "/Users/vincent.qu/.local/state/tec/toolchain/base_profile/lib/python3.13/multiprocessing/queues.py", line 397, in put
    self._writer.send_bytes(obj)
    ~~~~~~~~~~~~~~~~~~~~~~~^^^^^
  File "/Users/vincent.qu/.local/state/tec/toolchain/base_profile/lib/python3.13/multiprocessing/connection.py", line 200, in send_bytes
    self._send_bytes(m[offset:offset + size])
    ~~~~~~~~~~~~~~~~^^^^^^^^^^^^^^^^^^^^^^^^^
  File "/Users/vincent.qu/.local/state/tec/toolchain/base_profile/lib/python3.13/multiprocessing/connection.py", line 427, in _send_bytes
    self._send(header + buf)
    ~~~~~~~~~~^^^^^^^^^^^^^^
  File "/Users/vincent.qu/.local/state/tec/toolchain/base_profile/lib/python3.13/multiprocessing/connection.py", line 384, in _send
    n = write(self._handle, buf)
BrokenPipeError: [Errno 32] Broken pipe

During handling of the above exception, another exception occurred:

Traceback (most recent call last):
Traceback (most recent call last):
  File "/Users/vincent.qu/.local/state/tec/toolchain/base_profile/lib/python3.13/multiprocessing/process.py", line 313, in _bootstrap
    self.run()
    ~~~~~~~~^^
  File "/Users/vincent.qu/.local/state/tec/toolchain/base_profile/lib/python3.13/multiprocessing/process.py", line 108, in run
    self._target(*self._args, **self._kwargs)
    ~~~~~~~~~~~~^^^^^^^^^^^^^^^^^^^^^^^^^^^^^
  File "/Users/vincent.qu/.local/state/tec/toolchain/base_profile/lib/python3.13/multiprocessing/pool.py", line 136, in worker
    put((job, i, (False, wrapped)))
    ~~~^^^^^^^^^^^^^^^^^^^^^^^^^^^^
  File "/Users/vincent.qu/.local/state/tec/toolchain/base_profile/lib/python3.13/multiprocessing/queues.py", line 397, in put
    self._writer.send_bytes(obj)
    ~~~~~~~~~~~~~~~~~~~~~~~^^^^^
Traceback (most recent call last):
  File "/Users/vincent.qu/.local/state/tec/toolchain/base_profile/lib/python3.13/multiprocessing/connection.py", line 200, in send_bytes
    self._send_bytes(m[offset:offset + size])
    ~~~~~~~~~~~~~~~~^^^^^^^^^^^^^^^^^^^^^^^^^
  File "/Users/vincent.qu/.local/state/tec/toolchain/base_profile/lib/python3.13/multiprocessing/connection.py", line 427, in _send_bytes
    self._send(header + buf)
    ~~~~~~~~~~^^^^^^^^^^^^^^
  File "/Users/vincent.qu/.local/state/tec/toolchain/base_profile/lib/python3.13/multiprocessing/connection.py", line 384, in _send
    n = write(self._handle, buf)
BrokenPipeError: [Errno 32] Broken pipe
  File "/Users/vincent.qu/.local/state/tec/toolchain/base_profile/lib/python3.13/multiprocessing/process.py", line 313, in _bootstrap
    self.run()
    ~~~~~~~~^^
  File "/Users/vincent.qu/.local/state/tec/toolchain/base_profile/lib/python3.13/multiprocessing/process.py", line 108, in run
    self._target(*self._args, **self._kwargs)
    ~~~~~~~~~~~~^^^^^^^^^^^^^^^^^^^^^^^^^^^^^
  File "/Users/vincent.qu/.local/state/tec/toolchain/base_profile/lib/python3.13/multiprocessing/pool.py", line 136, in worker
    put((job, i, (False, wrapped)))
    ~~~^^^^^^^^^^^^^^^^^^^^^^^^^^^^
  File "/Users/vincent.qu/.local/state/tec/toolchain/base_profile/lib/python3.13/multiprocessing/queues.py", line 397, in put
    self._writer.send_bytes(obj)
    ~~~~~~~~~~~~~~~~~~~~~~~^^^^^
  File "/Users/vincent.qu/.local/state/tec/toolchain/base_profile/lib/python3.13/multiprocessing/connection.py", line 200, in send_bytes
    self._send_bytes(m[offset:offset + size])
    ~~~~~~~~~~~~~~~~^^^^^^^^^^^^^^^^^^^^^^^^^
  File "/Users/vincent.qu/.local/state/tec/toolchain/base_profile/lib/python3.13/multiprocessing/pool.py", line 131, in worker
    put((job, i, result))
    ~~~^^^^^^^^^^^^^^^^^^
  File "/Users/vincent.qu/.local/state/tec/toolchain/base_profile/lib/python3.13/multiprocessing/connection.py", line 427, in _send_bytes
    self._send(header + buf)
    ~~~~~~~~~~^^^^^^^^^^^^^^
  File "/Users/vincent.qu/.local/state/tec/toolchain/base_profile/lib/python3.13/multiprocessing/queues.py", line 397, in put
    self._writer.send_bytes(obj)
    ~~~~~~~~~~~~~~~~~~~~~~~^^^^^
  File "/Users/vincent.qu/.local/state/tec/toolchain/base_profile/lib/python3.13/multiprocessing/connection.py", line 384, in _send
    n = write(self._handle, buf)
BrokenPipeError: [Errno 32] Broken pipe
  File "/Users/vincent.qu/.local/state/tec/toolchain/base_profile/lib/python3.13/multiprocessing/connection.py", line 200, in send_bytes
    self._send_bytes(m[offset:offset + size])
    ~~~~~~~~~~~~~~~~^^^^^^^^^^^^^^^^^^^^^^^^^
  File "/Users/vincent.qu/.local/state/tec/toolchain/base_profile/lib/python3.13/multiprocessing/connection.py", line 427, in _send_bytes
    self._send(header + buf)
    ~~~~~~~~~~^^^^^^^^^^^^^^
  File "/Users/vincent.qu/.local/state/tec/toolchain/base_profile/lib/python3.13/multiprocessing/connection.py", line 384, in _send
    n = write(self._handle, buf)
Traceback (most recent call last):
  File "/Users/vincent.qu/.local/state/tec/toolchain/base_profile/lib/python3.13/multiprocessing/pool.py", line 131, in worker
    put((job, i, result))
    ~~~^^^^^^^^^^^^^^^^^^
BrokenPipeError: [Errno 32] Broken pipe

During handling of the above exception, another exception occurred:

  File "/Users/vincent.qu/.local/state/tec/toolchain/base_profile/lib/python3.13/multiprocessing/queues.py", line 397, in put
    self._writer.send_bytes(obj)
    ~~~~~~~~~~~~~~~~~~~~~~~^^^^^
Traceback (most recent call last):
  File "/Users/vincent.qu/.local/state/tec/toolchain/base_profile/lib/python3.13/multiprocessing/connection.py", line 200, in send_bytes
    self._send_bytes(m[offset:offset + size])
    ~~~~~~~~~~~~~~~~^^^^^^^^^^^^^^^^^^^^^^^^^
  File "/Users/vincent.qu/.local/state/tec/toolchain/base_profile/lib/python3.13/multiprocessing/connection.py", line 427, in _send_bytes
    self._send(header + buf)
    ~~~~~~~~~~^^^^^^^^^^^^^^
  File "/Users/vincent.qu/.local/state/tec/toolchain/base_profile/lib/python3.13/multiprocessing/connection.py", line 384, in _send
    n = write(self._handle, buf)
  File "/Users/vincent.qu/.local/state/tec/toolchain/base_profile/lib/python3.13/multiprocessing/process.py", line 313, in _bootstrap
    self.run()
    ~~~~~~~~^^
BrokenPipeError: [Errno 32] Broken pipe
  File "/Users/vincent.qu/.local/state/tec/toolchain/base_profile/lib/python3.13/multiprocessing/process.py", line 108, in run
    self._target(*self._args, **self._kwargs)
    ~~~~~~~~~~~~^^^^^^^^^^^^^^^^^^^^^^^^^^^^^
  File "/Users/vincent.qu/.local/state/tec/toolchain/base_profile/lib/python3.13/multiprocessing/pool.py", line 136, in worker
    put((job, i, (False, wrapped)))
    ~~~^^^^^^^^^^^^^^^^^^^^^^^^^^^^

During handling of the above exception, another exception occurred:

  File "/Users/vincent.qu/.local/state/tec/toolchain/base_profile/lib/python3.13/multiprocessing/queues.py", line 397, in put
    self._writer.send_bytes(obj)
    ~~~~~~~~~~~~~~~~~~~~~~~^^^^^
Traceback (most recent call last):
  File "/Users/vincent.qu/.local/state/tec/toolchain/base_profile/lib/python3.13/multiprocessing/connection.py", line 200, in send_bytes
    self._send_bytes(m[offset:offset + size])
    ~~~~~~~~~~~~~~~~^^^^^^^^^^^^^^^^^^^^^^^^^
  File "/Users/vincent.qu/.local/state/tec/toolchain/base_profile/lib/python3.13/multiprocessing/connection.py", line 427, in _send_bytes
    self._send(header + buf)
    ~~~~~~~~~~^^^^^^^^^^^^^^
  File "/Users/vincent.qu/.local/state/tec/toolchain/base_profile/lib/python3.13/multiprocessing/connection.py", line 384, in _send
    n = write(self._handle, buf)
BrokenPipeError: [Errno 32] Broken pipe
  File "/Users/vincent.qu/.local/state/tec/toolchain/base_profile/lib/python3.13/multiprocessing/pool.py", line 131, in worker
    put((job, i, result))
    ~~~^^^^^^^^^^^^^^^^^^
  File "/Users/vincent.qu/.local/state/tec/toolchain/base_profile/lib/python3.13/multiprocessing/queues.py", line 397, in put
    self._writer.send_bytes(obj)
    ~~~~~~~~~~~~~~~~~~~~~~~^^^^^
  File "/Users/vincent.qu/.local/state/tec/toolchain/base_profile/lib/python3.13/multiprocessing/connection.py", line 200, in send_bytes
    self._send_bytes(m[offset:offset + size])
    ~~~~~~~~~~~~~~~~^^^^^^^^^^^^^^^^^^^^^^^^^
  File "/Users/vincent.qu/.local/state/tec/toolchain/base_profile/lib/python3.13/multiprocessing/connection.py", line 427, in _send_bytes
    self._send(header + buf)
    ~~~~~~~~~~^^^^^^^^^^^^^^
  File "/Users/vincent.qu/.local/state/tec/toolchain/base_profile/lib/python3.13/multiprocessing/connection.py", line 384, in _send
    n = write(self._handle, buf)
BrokenPipeError: [Errno 32] Broken pipe

During handling of the above exception, another exception occurred:

Traceback (most recent call last):
  File "/Users/vincent.qu/.local/state/tec/toolchain/base_profile/lib/python3.13/multiprocessing/process.py", line 313, in _bootstrap
    self.run()
    ~~~~~~~~^^
  File "/Users/vincent.qu/.local/state/tec/toolchain/base_profile/lib/python3.13/multiprocessing/process.py", line 108, in run
    self._target(*self._args, **self._kwargs)
    ~~~~~~~~~~~~^^^^^^^^^^^^^^^^^^^^^^^^^^^^^
  File "/Users/vincent.qu/.local/state/tec/toolchain/base_profile/lib/python3.13/multiprocessing/pool.py", line 136, in worker
    put((job, i, (False, wrapped)))
    ~~~^^^^^^^^^^^^^^^^^^^^^^^^^^^^
  File "/Users/vincent.qu/.local/state/tec/toolchain/base_profile/lib/python3.13/multiprocessing/queues.py", line 397, in put
    self._writer.send_bytes(obj)
    ~~~~~~~~~~~~~~~~~~~~~~~^^^^^
  File "/Users/vincent.qu/.local/state/tec/toolchain/base_profile/lib/python3.13/multiprocessing/connection.py", line 200, in send_bytes
    self._send_bytes(m[offset:offset + size])
    ~~~~~~~~~~~~~~~~^^^^^^^^^^^^^^^^^^^^^^^^^
  File "/Users/vincent.qu/.local/state/tec/toolchain/base_profile/lib/python3.13/multiprocessing/connection.py", line 427, in _send_bytes
    self._send(header + buf)
    ~~~~~~~~~~^^^^^^^^^^^^^^
  File "/Users/vincent.qu/.local/state/tec/toolchain/base_profile/lib/python3.13/multiprocessing/connection.py", line 384, in _send
    n = write(self._handle, buf)
BrokenPipeError: [Errno 32] Broken pipe
Process SpawnPoolWorker-4:
  File "/Users/vincent.qu/.local/state/tec/toolchain/base_profile/lib/python3.13/multiprocessing/process.py", line 313, in _bootstrap
    self.run()
    ~~~~~~~~^^
  File "/Users/vincent.qu/.local/state/tec/toolchain/base_profile/lib/python3.13/multiprocessing/process.py", line 108, in run
    self._target(*self._args, **self._kwargs)
    ~~~~~~~~~~~~^^^^^^^^^^^^^^^^^^^^^^^^^^^^^
  File "/Users/vincent.qu/.local/state/tec/toolchain/base_profile/lib/python3.13/multiprocessing/pool.py", line 136, in worker
    put((job, i, (False, wrapped)))
    ~~~^^^^^^^^^^^^^^^^^^^^^^^^^^^^
  File "/Users/vincent.qu/.local/state/tec/toolchain/base_profile/lib/python3.13/multiprocessing/queues.py", line 397, in put
    self._writer.send_bytes(obj)
    ~~~~~~~~~~~~~~~~~~~~~~~^^^^^
  File "/Users/vincent.qu/.local/state/tec/toolchain/base_profile/lib/python3.13/multiprocessing/connection.py", line 200, in send_bytes
    self._send_bytes(m[offset:offset + size])
    ~~~~~~~~~~~~~~~~^^^^^^^^^^^^^^^^^^^^^^^^^
  File "/Users/vincent.qu/.local/state/tec/toolchain/base_profile/lib/python3.13/multiprocessing/connection.py", line 427, in _send_bytes
    self._send(header + buf)
    ~~~~~~~~~~^^^^^^^^^^^^^^
  File "/Users/vincent.qu/.local/state/tec/toolchain/base_profile/lib/python3.13/multiprocessing/connection.py", line 384, in _send
    n = write(self._handle, buf)
BrokenPipeError: [Errno 32] Broken pipe
  File "/Users/vincent.qu/.local/state/tec/toolchain/base_profile/lib/python3.13/multiprocessing/process.py", line 313, in _bootstrap
    self.run()
    ~~~~~~~~^^
  File "/Users/vincent.qu/.local/state/tec/toolchain/base_profile/lib/python3.13/multiprocessing/process.py", line 108, in run
    self._target(*self._args, **self._kwargs)
    ~~~~~~~~~~~~^^^^^^^^^^^^^^^^^^^^^^^^^^^^^
  File "/Users/vincent.qu/.local/state/tec/toolchain/base_profile/lib/python3.13/multiprocessing/pool.py", line 136, in worker
    put((job, i, (False, wrapped)))
    ~~~^^^^^^^^^^^^^^^^^^^^^^^^^^^^
  File "/Users/vincent.qu/.local/state/tec/toolchain/base_profile/lib/python3.13/multiprocessing/queues.py", line 397, in put
    self._writer.send_bytes(obj)
    ~~~~~~~~~~~~~~~~~~~~~~~^^^^^
  File "/Users/vincent.qu/.local/state/tec/toolchain/base_profile/lib/python3.13/multiprocessing/connection.py", line 200, in send_bytes
    self._send_bytes(m[offset:offset + size])
    ~~~~~~~~~~~~~~~~^^^^^^^^^^^^^^^^^^^^^^^^^
  File "/Users/vincent.qu/.local/state/tec/toolchain/base_profile/lib/python3.13/multiprocessing/connection.py", line 427, in _send_bytes
    self._send(header + buf)
    ~~~~~~~~~~^^^^^^^^^^^^^^
  File "/Users/vincent.qu/.local/state/tec/toolchain/base_profile/lib/python3.13/multiprocessing/connection.py", line 384, in _send
    n = write(self._handle, buf)
BrokenPipeError: [Errno 32] Broken pipe
Traceback (most recent call last):
  File "/Users/vincent.qu/.local/state/tec/toolchain/base_profile/lib/python3.13/multiprocessing/pool.py", line 131, in worker
    put((job, i, result))
    ~~~^^^^^^^^^^^^^^^^^^
  File "/Users/vincent.qu/.local/state/tec/toolchain/base_profile/lib/python3.13/multiprocessing/queues.py", line 397, in put
    self._writer.send_bytes(obj)
    ~~~~~~~~~~~~~~~~~~~~~~~^^^^^
  File "/Users/vincent.qu/.local/state/tec/toolchain/base_profile/lib/python3.13/multiprocessing/connection.py", line 200, in send_bytes
    self._send_bytes(m[offset:offset + size])
    ~~~~~~~~~~~~~~~~^^^^^^^^^^^^^^^^^^^^^^^^^
  File "/Users/vincent.qu/.local/state/tec/toolchain/base_profile/lib/python3.13/multiprocessing/connection.py", line 427, in _send_bytes
    self._send(header + buf)
    ~~~~~~~~~~^^^^^^^^^^^^^^
  File "/Users/vincent.qu/.local/state/tec/toolchain/base_profile/lib/python3.13/multiprocessing/connection.py", line 384, in _send
    n = write(self._handle, buf)
BrokenPipeError: [Errno 32] Broken pipe

During handling of the above exception, another exception occurred:

Traceback (most recent call last):
  File "/Users/vincent.qu/.local/state/tec/toolchain/base_profile/lib/python3.13/multiprocessing/process.py", line 313, in _bootstrap
    self.run()
    ~~~~~~~~^^
  File "/Users/vincent.qu/.local/state/tec/toolchain/base_profile/lib/python3.13/multiprocessing/process.py", line 108, in run
    self._target(*self._args, **self._kwargs)
    ~~~~~~~~~~~~^^^^^^^^^^^^^^^^^^^^^^^^^^^^^
  File "/Users/vincent.qu/.local/state/tec/toolchain/base_profile/lib/python3.13/multiprocessing/pool.py", line 136, in worker
    put((job, i, (False, wrapped)))
    ~~~^^^^^^^^^^^^^^^^^^^^^^^^^^^^
  File "/Users/vincent.qu/.local/state/tec/toolchain/base_profile/lib/python3.13/multiprocessing/queues.py", line 397, in put
    self._writer.send_bytes(obj)
    ~~~~~~~~~~~~~~~~~~~~~~~^^^^^
  File "/Users/vincent.qu/.local/state/tec/toolchain/base_profile/lib/python3.13/multiprocessing/connection.py", line 200, in send_bytes
    self._send_bytes(m[offset:offset + size])
    ~~~~~~~~~~~~~~~~^^^^^^^^^^^^^^^^^^^^^^^^^
  File "/Users/vincent.qu/.local/state/tec/toolchain/base_profile/lib/python3.13/multiprocessing/connection.py", line 427, in _send_bytes
    self._send(header + buf)
    ~~~~~~~~~~^^^^^^^^^^^^^^
  File "/Users/vincent.qu/.local/state/tec/toolchain/base_profile/lib/python3.13/multiprocessing/connection.py", line 384, in _send
    n = write(self._handle, buf)
BrokenPipeError: [Errno 32] Broken pipe
/Users/vincent.qu/.local/state/tec/toolchain/base_profile/lib/python3.13/multiprocessing/resource_tracker.py:400: UserWarning: resource_tracker: There appear to be 6 leaked semaphore objects to clean up at shutdown: {'/mp-s94dcqtq', '/mp-0qifp_u7', '/mp-mdhi2dbr', '/mp-plv_5a50', '/mp-go9az3j2', '/mp-dewy5549'}
  warnings.warn(
