[train] device=mps
[train] loaded 200000 positions from 40 shards
[train] model params: 4,846,154
[train] epoch 1/18 (303s) train p=4.516 v=0.516 acc=0.228 | val p=3.987 v=0.270 acc=0.244 | lr=4.96e-04
[train]   new best (val 4.256) -> best.pt
[train] epoch 2/18 (312s) train p=3.925 v=0.206 acc=0.236 | val p=3.796 v=0.239 acc=0.233 | lr=4.85e-04
[train]   new best (val 4.034) -> best.pt
[train] epoch 3/18 (312s) train p=3.754 v=0.150 acc=0.246 | val p=3.659 v=0.112 acc=0.259 | lr=4.67e-04
[train]   new best (val 3.770) -> best.pt
[train] epoch 4/18 (312s) train p=3.602 v=0.140 acc=0.270 | val p=3.485 v=0.120 acc=0.281 | lr=4.42e-04
[train]   new best (val 3.605) -> best.pt
[train] epoch 5/18 (311s) train p=3.480 v=0.127 acc=0.288 | val p=3.404 v=0.099 acc=0.290 | lr=4.11e-04
[train]   new best (val 3.503) -> best.pt
[train] epoch 6/18 (310s) train p=3.404 v=0.112 acc=0.296 | val p=3.343 v=0.098 acc=0.304 | lr=3.75e-04
[train]   new best (val 3.441) -> best.pt
[train] epoch 7/18 (311s) train p=3.352 v=0.104 acc=0.299 | val p=3.290 v=0.083 acc=0.311 | lr=3.36e-04
[train]   new best (val 3.372) -> best.pt
[train] epoch 8/18 (310s) train p=3.291 v=0.095 acc=0.308 | val p=3.242 v=0.119 acc=0.308 | lr=2.93e-04
[train]   new best (val 3.361) -> best.pt
[train] epoch 9/18 (291s) train p=3.241 v=0.090 acc=0.310 | val p=3.217 v=0.084 acc=0.313 | lr=2.50e-04
[train]   new best (val 3.301) -> best.pt
[train] epoch 10/18 (266s) train p=3.199 v=0.082 acc=0.315 | val p=3.176 v=0.080 acc=0.318 | lr=2.07e-04
[train]   new best (val 3.256) -> best.pt
[train] epoch 11/18 (266s) train p=3.159 v=0.078 acc=0.319 | val p=3.150 v=0.079 acc=0.326 | lr=1.64e-04
[train]   new best (val 3.229) -> best.pt
[train] epoch 12/18 (266s) train p=3.123 v=0.072 acc=0.324 | val p=3.125 v=0.076 acc=0.327 | lr=1.25e-04
[train]   new best (val 3.201) -> best.pt
[train] epoch 13/18 (266s) train p=3.091 v=0.066 acc=0.326 | val p=3.107 v=0.072 acc=0.329 | lr=8.93e-05
[train]   new best (val 3.179) -> best.pt
[train] epoch 14/18 (266s) train p=3.064 v=0.063 acc=0.328 | val p=3.089 v=0.072 acc=0.329 | lr=5.85e-05
[train]   new best (val 3.161) -> best.pt
[train] epoch 15/18 (266s) train p=3.042 v=0.059 acc=0.332 | val p=3.082 v=0.068 acc=0.329 | lr=3.35e-05
[train]   new best (val 3.150) -> best.pt
[train] epoch 16/18 (266s) train p=3.026 v=0.056 acc=0.332 | val p=3.074 v=0.068 acc=0.333 | lr=1.51e-05
[train]   new best (val 3.143) -> best.pt
[train] epoch 17/18 (267s) train p=3.016 v=0.054 acc=0.332 | val p=3.069 v=0.067 acc=0.334 | lr=3.80e-06
[train]   new best (val 3.136) -> best.pt
[train] epoch 18/18 (266s) train p=3.011 v=0.053 acc=0.334 | val p=3.070 v=0.067 acc=0.332 | lr=0.00e+00
[train]   new best (val 3.136) -> best.pt
[train] DONE
