[train] device=mps
[data] value target recomputed as tanh(cp/500)
[train] loaded 944288 positions from 199 shards
[train] model params: 4,846,154
[train] epoch 1/16 (1267s) train p=3.926 v=0.172 acc=0.264 | val p=3.451 v=0.074 acc=0.296 | lr=4.95e-04
[train]   new best (val 3.525) -> best.pt
[train] epoch 2/16 (1288s) train p=3.333 v=0.069 acc=0.308 | val p=3.223 v=0.054 acc=0.324 | lr=4.81e-04
[train]   new best (val 3.277) -> best.pt
[train] epoch 3/16 (1284s) train p=3.151 v=0.060 acc=0.327 | val p=3.061 v=0.049 acc=0.344 | lr=4.58e-04
[train]   new best (val 3.110) -> best.pt
[train] epoch 4/16 (1259s) train p=3.012 v=0.052 acc=0.345 | val p=2.939 v=0.048 acc=0.353 | lr=4.27e-04
[train]   new best (val 2.987) -> best.pt
[train] epoch 5/16 (1260s) train p=2.899 v=0.047 acc=0.359 | val p=2.849 v=0.051 acc=0.372 | lr=3.89e-04
[train]   new best (val 2.900) -> best.pt
[train] epoch 6/16 (1260s) train p=2.811 v=0.041 acc=0.370 | val p=2.779 v=0.038 acc=0.378 | lr=3.46e-04
[train]   new best (val 2.816) -> best.pt
[train] epoch 7/16 (1259s) train p=2.741 v=0.037 acc=0.379 | val p=2.721 v=0.036 acc=0.386 | lr=2.99e-04
[train]   new best (val 2.757) -> best.pt
[train] epoch 8/16 (1259s) train p=2.684 v=0.034 acc=0.386 | val p=2.683 v=0.033 acc=0.395 | lr=2.50e-04
[train]   new best (val 2.716) -> best.pt
[train] epoch 9/16 (1259s) train p=2.638 v=0.031 acc=0.392 | val p=2.648 v=0.032 acc=0.396 | lr=2.01e-04
[train]   new best (val 2.680) -> best.pt
[train] epoch 10/16 (1259s) train p=2.601 v=0.028 acc=0.397 | val p=2.620 v=0.034 acc=0.400 | lr=1.54e-04
[train]   new best (val 2.654) -> best.pt
[train] epoch 11/16 (1259s) train p=2.570 v=0.026 acc=0.400 | val p=2.601 v=0.031 acc=0.404 | lr=1.11e-04
[train]   new best (val 2.631) -> best.pt
[train] epoch 12/16 (1258s) train p=2.545 v=0.024 acc=0.404 | val p=2.588 v=0.028 acc=0.408 | lr=7.32e-05
[train]   new best (val 2.617) -> best.pt
[train] epoch 13/16 (1260s) train p=2.525 v=0.023 acc=0.406 | val p=2.575 v=0.028 acc=0.408 | lr=4.21e-05
[train]   new best (val 2.603) -> best.pt
[train] epoch 14/16 (1259s) train p=2.510 v=0.021 acc=0.408 | val p=2.569 v=0.027 acc=0.408 | lr=1.90e-05
[train]   new best (val 2.596) -> best.pt
[train] epoch 15/16 (1259s) train p=2.500 v=0.021 acc=0.410 | val p=2.566 v=0.027 acc=0.408 | lr=4.80e-06
[train]   new best (val 2.592) -> best.pt
[train] epoch 16/16 (1259s) train p=2.494 v=0.020 acc=0.410 | val p=2.564 v=0.027 acc=0.407 | lr=0.00e+00
[train]   new best (val 2.591) -> best.pt
[train] DONE
