[train] device=mps
[train] loaded 549736 positions from 112 shards
[train] model params: 4,846,154
[train] epoch 1/16 (730s) train p=4.119 v=0.331 acc=0.233 | val p=3.746 v=0.168 acc=0.241 | lr=4.95e-04
[train]   new best (val 3.913) -> best.pt
[train] epoch 2/16 (731s) train p=3.540 v=0.127 acc=0.277 | val p=3.374 v=0.112 acc=0.296 | lr=4.81e-04
[train]   new best (val 3.486) -> best.pt
[train] epoch 3/16 (730s) train p=3.312 v=0.104 acc=0.303 | val p=3.230 v=0.087 acc=0.311 | lr=4.58e-04
[train]   new best (val 3.316) -> best.pt
[train] epoch 4/16 (729s) train p=3.195 v=0.092 acc=0.314 | val p=3.134 v=0.079 acc=0.326 | lr=4.27e-04
[train]   new best (val 3.213) -> best.pt
[train] epoch 5/16 (735s) train p=3.111 v=0.083 acc=0.323 | val p=3.063 v=0.080 acc=0.327 | lr=3.89e-04
[train]   new best (val 3.143) -> best.pt
[train] epoch 6/16 (831s) train p=3.042 v=0.075 acc=0.331 | val p=3.001 v=0.072 acc=0.335 | lr=3.46e-04
[train]   new best (val 3.073) -> best.pt
[train] epoch 7/16 (831s) train p=2.983 v=0.071 acc=0.337 | val p=2.952 v=0.072 acc=0.346 | lr=2.99e-04
[train]   new best (val 3.024) -> best.pt
[train] epoch 8/16 (834s) train p=2.934 v=0.065 acc=0.344 | val p=2.919 v=0.073 acc=0.346 | lr=2.50e-04
[train]   new best (val 2.993) -> best.pt
[train] epoch 9/16 (831s) train p=2.890 v=0.059 acc=0.348 | val p=2.885 v=0.065 acc=0.349 | lr=2.01e-04
[train]   new best (val 2.950) -> best.pt
[train] epoch 10/16 (831s) train p=2.852 v=0.054 acc=0.353 | val p=2.861 v=0.062 acc=0.349 | lr=1.54e-04
[train]   new best (val 2.923) -> best.pt
[train] epoch 11/16 (830s) train p=2.819 v=0.050 acc=0.356 | val p=2.843 v=0.061 acc=0.352 | lr=1.11e-04
[train]   new best (val 2.904) -> best.pt
[train] epoch 12/16 (824s) train p=2.791 v=0.046 acc=0.360 | val p=2.827 v=0.059 acc=0.351 | lr=7.32e-05
[train]   new best (val 2.885) -> best.pt
[train] epoch 13/16 (735s) train p=2.769 v=0.043 acc=0.363 | val p=2.816 v=0.056 acc=0.363 | lr=4.21e-05
[train]   new best (val 2.873) -> best.pt
[train] epoch 14/16 (731s) train p=2.753 v=0.041 acc=0.365 | val p=2.808 v=0.056 acc=0.360 | lr=1.90e-05
[train]   new best (val 2.864) -> best.pt
[train] epoch 15/16 (731s) train p=2.741 v=0.039 acc=0.366 | val p=2.805 v=0.055 acc=0.361 | lr=4.80e-06
[train]   new best (val 2.860) -> best.pt
[train] epoch 16/16 (730s) train p=2.734 v=0.038 acc=0.367 | val p=2.804 v=0.055 acc=0.358 | lr=0.00e+00
[train]   new best (val 2.859) -> best.pt
[train] DONE
