[train] device=mps
[data] value target recomputed as tanh(cp/500)
[train] loaded 576265 positions from 119 shards
[train] model params: 4,846,154
[train] epoch 1/18 (779s) train p=4.197 v=0.195 acc=0.239 | val p=3.758 v=0.101 acc=0.246 | lr=4.96e-04
[train]   new best (val 3.859) -> best.pt
[train] epoch 2/18 (822s) train p=3.616 v=0.079 acc=0.269 | val p=3.438 v=0.069 acc=0.299 | lr=4.85e-04
[train]   new best (val 3.507) -> best.pt
[train] epoch 3/18 (881s) train p=3.382 v=0.070 acc=0.301 | val p=3.296 v=0.056 acc=0.313 | lr=4.67e-04
[train]   new best (val 3.352) -> best.pt
[train] epoch 4/18 (903s) train p=3.259 v=0.061 acc=0.314 | val p=3.193 v=0.049 acc=0.320 | lr=4.42e-04
[train]   new best (val 3.243) -> best.pt
[train] epoch 5/18 (910s) train p=3.164 v=0.055 acc=0.323 | val p=3.109 v=0.046 acc=0.325 | lr=4.11e-04
[train]   new best (val 3.155) -> best.pt
[train] epoch 6/18 (896s) train p=3.083 v=0.048 acc=0.331 | val p=3.045 v=0.044 acc=0.338 | lr=3.75e-04
[train]   new best (val 3.089) -> best.pt
[train] epoch 7/18 (914s) train p=3.008 v=0.044 acc=0.339 | val p=2.987 v=0.040 acc=0.345 | lr=3.36e-04
[train]   new best (val 3.027) -> best.pt
[train] epoch 8/18 (897s) train p=2.946 v=0.040 acc=0.347 | val p=2.939 v=0.036 acc=0.353 | lr=2.93e-04
[train]   new best (val 2.975) -> best.pt
[train] epoch 9/18 (885s) train p=2.891 v=0.036 acc=0.352 | val p=2.898 v=0.035 acc=0.352 | lr=2.50e-04
[train]   new best (val 2.933) -> best.pt
[train] epoch 10/18 (846s) train p=2.845 v=0.033 acc=0.358 | val p=2.874 v=0.035 acc=0.363 | lr=2.07e-04
[train]   new best (val 2.909) -> best.pt
[train] epoch 11/18 (773s) train p=2.804 v=0.031 acc=0.362 | val p=2.853 v=0.033 acc=0.364 | lr=1.64e-04
[train]   new best (val 2.887) -> best.pt
[train] epoch 12/18 (773s) train p=2.769 v=0.028 acc=0.366 | val p=2.835 v=0.032 acc=0.361 | lr=1.25e-04
[train]   new best (val 2.866) -> best.pt
[train] epoch 13/18 (772s) train p=2.740 v=0.026 acc=0.369 | val p=2.819 v=0.033 acc=0.366 | lr=8.93e-05
[train]   new best (val 2.852) -> best.pt
[train] epoch 14/18 (783s) train p=2.716 v=0.025 acc=0.372 | val p=2.813 v=0.030 acc=0.369 | lr=5.85e-05
[train]   new best (val 2.843) -> best.pt
[train] epoch 15/18 (785s) train p=2.696 v=0.023 acc=0.374 | val p=2.805 v=0.030 acc=0.367 | lr=3.35e-05
[train]   new best (val 2.835) -> best.pt
[train] epoch 16/18 (786s) train p=2.682 v=0.023 acc=0.375 | val p=2.801 v=0.029 acc=0.366 | lr=1.51e-05
[train]   new best (val 2.830) -> best.pt
[train] epoch 17/18 (786s) train p=2.672 v=0.022 acc=0.377 | val p=2.800 v=0.030 acc=0.369 | lr=3.80e-06
[train]   new best (val 2.830) -> best.pt
[train] epoch 18/18 (785s) train p=2.667 v=0.022 acc=0.377 | val p=2.799 v=0.030 acc=0.369 | lr=0.00e+00
[train]   new best (val 2.829) -> best.pt
[train] DONE
